[backblue.gif]
[fade.gif]
[index.html]
[ajax.googleapis.com/ajax/libs/jquery/3.3.1/jquery.min.js]
[www.tiess.online/revolution/js/jquery.themepunch.tools.min.js]
[www.tiess.online/revolution/js/jquery.themepunch.revolution.min.js]
[www.tiess.online/revolution/js/extensions/revolution.extension.actions.min.js]
[www.tiess.online/revolution/js/extensions/revolution.extension.carousel.min.js]
[www.tiess.online/revolution/js/extensions/revolution.extension.kenburn.min.js]
[www.tiess.online/revolution/js/extensions/revolution.extension.layeranimation.min.js]
[www.tiess.online/revolution/js/extensions/revolution.extension.migration.min.js]
[www.tiess.online/revolution/js/extensions/revolution.extension.navigation.min.js]
[www.tiess.online/revolution/js/extensions/revolution.extension.parallax.min.js]
[www.tiess.online/revolution/js/extensions/revolution.extension.slideanims.min.js]
[www.tiess.online/revolution/js/extensions/revolution.extension.video.min.js]
[connect.facebook.net/en_US/fbevents.js]
[www.tiess.online/images/tiess-logo.png]
[www.tiess.online/images/slider/1.jpg]
[www.tiess.online/images/tiess-white-logo.png]
[www.tiess.online/images/slider/2.jpg]
[www.tiess.online/images/slider/3.jpg]
[www.tiess.online/images/slider/4.jpg]
[www.tiess.online/images/slider/5.jpg]
[www.tiess.online/images/slider/6.jpg]
[www.tiess.online/images/slider/8.jpg]
[www.tiess.online/images/about/about1.jpg]
[www.tiess.online/images/about/about2.jpg]
[www.tiess.online/images/about/about3.jpg]
[www.tiess.online/images/about/about4.jpg]
[www.tiess.online/images/flags/argentina.png]
[www.tiess.online/images/flags/aus.png]
[www.tiess.online/images/flags/Austria.png]
[www.tiess.online/images/flags/Belgium.png]
[www.tiess.online/images/flags/Bhutan.png]
[www.tiess.online/images/flags/Brunei.png]
[www.tiess.online/images/flags/canada.png]
[www.tiess.online/images/flags/Denmark.png]
[www.tiess.online/images/flags/Egypt.png]
[www.tiess.online/images/flags/estonia.png]
[www.tiess.online/images/flags/finland.png]
[www.tiess.online/images/flags/france.png]
[www.tiess.online/images/flags/germany.png]
[www.tiess.online/images/flags/india.png]
[www.tiess.online/images/flags/israel.png]
[www.tiess.online/images/flags/Kenya.png]
[www.tiess.online/images/flags/Korea.png]
[www.tiess.online/images/flags/Kyrgyzstan.png]
[www.tiess.online/images/flags/Latvia.png]
[www.tiess.online/images/flags/malay.png]
[www.tiess.online/images/flags/Maldives.png]
[www.tiess.online/images/flags/Mauritius.png]
[www.tiess.online/images/flags/Myanmar.png]
[www.tiess.online/images/flags/singapore.png]
[www.tiess.online/images/flags/Srilanka.png]
[www.tiess.online/images/flags/Switzerland.png]
[www.tiess.online/images/flags/thai.png]
[www.tiess.online/images/flags/uk.png]
[www.tiess.online/images/flags/Uruguay.png]
[www.tiess.online/images/flags/usa.png]
[www.tiess.online/images/speakers/collage1.jpg]
[www.tiess.online/images/speakers/collage2.jpg]
[www.tiess.online/images/speakers/collage3.jpg]
[www.tiess.online/images/speakers/collage4.jpg]
[www.tiess.online/images/speakers/collage5.jpg]
[www.tiess.online/images/bigdata-analytics/vector.png]
[www.tiess.online/images/bigdata-analytics/icon8.png]
[www.tiess.online/images/rectangle.png]
[www.tiess.online/images/bigdata-analytics/icon3.png]
[www.tiess.online/images/bigdata-analytics/icon7.png]
[www.tiess.online/images/bigdata-analytics/icon4.png]
[www.tiess.online/images/bigdata-analytics/icon5.png]
[www.tiess.online/images/partners-band.png]
[www.tiess.online/images/logos/1.png]
[www.tiess.online/images/logos/2.png]
[www.tiess.online/images/logos/3.png]
[www.tiess.online/images/logos/4.png]
[www.tiess.online/images/gallery/1.jpg]
[www.tiess.online/images/gallery/2.jpg]
[www.tiess.online/images/gallery/3.jpg]
[www.tiess.online/images/gallery/4.jpg]
[www.tiess.online/images/gallery/5.jpg]
[www.tiess.online/images/gallery/6.jpg]
[www.tiess.online/images/gallery/7.jpg]
[www.tiess.online/images/gallery/8.jpg]
[www.tiess.online/images/gallery/9.jpg]
[www.tiess.online/images/gallery/10.jpg]
[www.tiess.online/images/gallery/11.jpg]
[www.tiess.online/images/gallery/12.jpg]
[www.tiess.online/images/gallery/13.jpg]
[www.tiess.online/images/gallery/14.jpg]
[www.tiess.online/images/gallery/15.jpg]
[www.tiess.online/images/gallery/16.jpg]
[www.tiess.online/images/gallery/17.jpg]
[www.tiess.online/images/gallery/18.jpg]
[www.tiess.online/images/gallery/19.jpg]
[www.tiess.online/images/gallery/20.jpg]
[www.tiess.online/images/gallery/21.jpg]
[www.tiess.online/images/gallery/22.jpg]
[www.tiess.online/images/gallery/23.jpg]
[www.tiess.online/images/gallery/24.jpg]
[www.tiess.online/images/gallery/25.jpg]
[www.tiess.online/images/logos/4a.png]
[addevent.com/libs/atc/1.6.1/atc.min.js]
[www.tiess.online/images/map.png]
[www.tiess.online/js/jquery.js]
[www.tiess.online/js/popper.min.js]
[www.tiess.online/js/bootstrap.min.js]
[www.tiess.online/js/jquery-ui.js]
[www.tiess.online/js/jquery.fancybox.js]
[www.tiess.online/js/appear.js]
[www.tiess.online/js/owl.js]
[www.tiess.online/js/jquery.countdown.js]
[www.tiess.online/js/wow.js]
[www.tiess.online/js/script.js]
[www.tiess.online/js/color-settings.js]
[www.tiess.online/index.html]
[www.tiess.online/css/bootstrap.css]
[www.tiess.online/images/icons/shape-2.png]
[www.tiess.online/images/icons/shape-1.png]
[www.tiess.online/images/icons/icon-line-1.png]
[www.tiess.online/images/icons/icon-dots.png]
[www.tiess.online/images/icons/icon-dots-3.png]
[www.tiess.online/images/icons/icon-circle-1.png]
[www.tiess.online/images/icons/circle-blue.png]
[www.tiess.online/images/icons/icon-shape.png]
[www.tiess.online/images/icons/shape-3.png]
[www.tiess.online/images/icons/twist-line-1.png]
[www.tiess.online/images/icons/twist-line-2.png]
[www.tiess.online/images/icons/twist-line-3.png]
[www.tiess.online/images/icons/speaker-bg.png]
[www.tiess.online/images/icons/icon-circle-4.png]
[www.tiess.online/images/icons/icon-circle-3.png]
[www.tiess.online/images/icons/circle-green.png]
[www.tiess.online/images/icons/circle-pink.png]
[www.tiess.online/images/icons/shape-5.png]
[www.tiess.online/images/icons/pattern-1.jpg]
[www.tiess.online/images/icons/form-bg.png]
[www.tiess.online/images/icons/pattern-2.png]
[www.tiess.online/images/icons/icon-dots-2.png]
[www.tiess.online/images/background/9.jpg]
[www.tiess.online/images/icons/boxed-bg.png]
[www.tiess.online/images/gradient-bg.jpg]
[www.tiess.online/css/style.css]
[www.tiess.online/css/responsive.css]
[www.tiess.online/revolution/fonts/pe-icon-7-stroke/fonts/Pe-icon-7-strokebb1d.eot]
[www.tiess.online/revolution/fonts/pe-icon-7-stroke/fonts/Pe-icon-7-stroked41d.eot]
[www.tiess.online/revolution/fonts/pe-icon-7-stroke/fonts/Pe-icon-7-strokebb1d.woff]
[www.tiess.online/revolution/fonts/pe-icon-7-stroke/fonts/Pe-icon-7-strokebb1d.ttf]
[www.tiess.online/revolution/fonts/pe-icon-7-stroke/css/pe-icon-7-stroke.css]
[www.tiess.online/revolution/fonts/font-awesome/fonts/fontawesome-webfont3e6e.eot]
[www.tiess.online/revolution/fonts/font-awesome/fonts/fontawesome-webfontd41d.eot]
[www.tiess.online/revolution/fonts/font-awesome/fonts/fontawesome-webfont3e6e.woff2]
[www.tiess.online/revolution/fonts/font-awesome/fonts/fontawesome-webfont3e6e.woff]
[www.tiess.online/revolution/fonts/font-awesome/fonts/fontawesome-webfont3e6e.ttf]
[www.tiess.online/revolution/fonts/font-awesome/css/font-awesome.css]
[www.tiess.online/revolution/fonts/revicons/revicons90c6.eot]
[www.tiess.online/revolution/fonts/revicons/revicons90c6.woff]
[www.tiess.online/revolution/fonts/revicons/revicons90c6.ttf]
[www.tiess.online/revolution/assets/gridtile.png]
[www.tiess.online/revolution/assets/gridtile_white.png]
[www.tiess.online/revolution/assets/gridtile_3x3.png]
[www.tiess.online/revolution/assets/gridtile_3x3_white.png]
[www.tiess.online/revolution/assets/coloredbg.png]
[www.tiess.online/revolution/assets/loader.gif]
[www.tiess.online/revolution/css/settings.css]
[www.tiess.online/revolution-addons/slicey/js/revolution.addon.slicey.min8a54.html]
[connect.facebook.net/en_US/fbevents.js]
[www.tiess.online/js/jquery.validate.min.js]
[www.tiess.online/images/background/5.jpg]
[www.tiess.online/images/registration-page-time-zones.jpg]
[www.tiess.online/documents/privacy-policy.pdf]
[www.tiess.online/documents/terms-and-conditions.pdf]
[www.tiess.online/registration.html]
[www.tiess.online/fonts/fa-brands-400.eot]
[www.tiess.online/fonts/fa-brands-400d41dd41d.eot]
[www.tiess.online/fonts/fa-brands-400.woff2]
[www.tiess.online/fonts/fa-brands-400.woff]
[www.tiess.online/fonts/fa-brands-400.ttf]
[www.tiess.online/fonts/fa-regular-400.eot]
[www.tiess.online/fonts/fa-regular-400d41dd41d.eot]
[www.tiess.online/fonts/fa-regular-400.woff2]
[www.tiess.online/fonts/fa-regular-400.woff]
[www.tiess.online/fonts/fa-regular-400.ttf]
[www.tiess.online/fonts/fa-solid-900.eot]
[www.tiess.online/fonts/fa-solid-900d41dd41d.eot]
[www.tiess.online/fonts/fa-solid-900.woff2]
[www.tiess.online/fonts/fa-solid-900.woff]
[www.tiess.online/fonts/fa-solid-900.ttf]
[www.tiess.online/css/fontawesome-all.css]
[www.tiess.online/fonts/Flaticon.eot]
[www.tiess.online/fonts/Flaticond41dd41d.eot]
[www.tiess.online/fonts/Flaticon.woff2]
[www.tiess.online/fonts/Flaticon.woff]
[www.tiess.online/fonts/Flaticon.ttf]
[www.tiess.online/css/flaticon.css]
[www.tiess.online/fonts/ElegantIcons.eot]
[www.tiess.online/fonts/ElegantIconsd41dd41d.eot]
[www.tiess.online/fonts/ElegantIcons.woff]
[www.tiess.online/fonts/ElegantIcons.ttf]
[www.tiess.online/css/elegent-icon.css]
[www.tiess.online/css/animate.css]
[www.tiess.online/css/swiper.css]
[www.tiess.online/css/owl.css]
[www.tiess.online/css/jquery.fancybox.min.css]
[www.tiess.online/images/icons/preloader.svg]
[www.google-analytics.com/analytics.js]
[expert-themes.com/wp-includes/js/jquery/jquery4a5f.js]
[expert-themes.com/wp-includes/js/jquery/jquery-migrate.min330a.js]
[expert-themes.com/wp-content/plugins/revslider/public/assets/js/revolution.tools.minf049.js]
[expert-themes.com/wp-content/plugins/revslider/public/assets/js/rs6.min658f.js]
[expert-themes.com/wp-content/uploads/2018/06/cropped-index-32x32.png]
[expert-themes.com/wp-content/uploads/2018/06/cropped-index-192x192.png]
[expert-themes.com/wp-content/uploads/2018/06/cropped-index-180x180.png]
[expert-themes.com/wp-content/themes/contra/images/background/10.jpg]
[expert-themes.com/wp-content/uploads/2018/06/bg_img1.jpg]
[expert-themes.com/wp-content/uploads/2020/08/preview-80x70.jpg]
[expert-themes.com/wp-content/uploads/2020/05/meto-preview-1-80x70.png]
[expert-themes.com/wp-content/uploads/2020/04/preview-2-80x70.png]
[expert-themes.com/wp-content/uploads/2020/08/globex-80x70.png]
[expert-themes.com/wp-content/uploads/2020/05/meto-preview-80x70.png]
[expert-themes.com/wp-content/uploads/2020/05/gym-preview-80x70.png]
[expert-themes.com/wp-content/uploads/2020/04/screenshot-1-80x70.png]
[expert-themes.com/wp-content/uploads/2020/04/screenshot-80x70.png]
[expert-themes.com/wp-content/uploads/2020/04/meto-image-80x70.png]
[expert-themes.com/wp-content/uploads/2020/02/garden-80x70.png]
[expert-themes.com/wp-content/uploads/2020/02/khidmat-80x70.png]
[expert-themes.com/wp-content/uploads/2020/02/indieco-wp-80x70.png]
[expert-themes.com/wp-content/plugins/contact-form-7/includes/js/scriptsbb49.js]
[expert-themes.com/wp-includes/js/jquery/ui/core.mine899.js]
[expert-themes.com/wp-content/themes/contra/js/popper.mind03b.js]
[expert-themes.com/wp-content/themes/contra/js/bootstrap.mind03b.js]
[expert-themes.com/wp-content/themes/contra/js/jquery.fancyboxd03b.js]
[expert-themes.com/wp-content/themes/contra/js/owld03b.js]
[expert-themes.com/wp-content/themes/contra/js/wowd03b.js]
[expert-themes.com/wp-content/themes/contra/js/appeard03b.js]
[expert-themes.com/wp-content/themes/contra/js/mixitupd03b.js]
[expert-themes.com/wp-content/themes/contra/js/jquery.mCustomScrollbar.concat.mind03b.js]
[expert-themes.com/wp-content/themes/contra/js/jquery.countdownd03b.js]
[expert-themes.com/wp-content/themes/contra/js/map-scriptd03b.js]
[expert-themes.com/wp-content/themes/contra/js/scriptd03b.js]
[expert-themes.com/wp-content/themes/contra/js/jquery.cookied03b.js]
[expert-themes.com/wp-content/plugins/kingcomposer/assets/frontend/js/kingcomposer.min76ed.js]
[expert-themes.com/wp-includes/js/wp-embed.mind03b.js]
[www.tiess.online/images/icons/circle-orange.html]
[www.tiess.online/revolution/fonts/pe-icon-7-stroke/fonts/Pe-icon-7-strokebb1d.svg]
[widget-v4.tidiochat.com/1_48_0/static/js/render.42c0d66b33e45751ff47.js]
[www.tiess.online/revolution/fonts/font-awesome/fonts/fontawesome-webfont3e6e.svg]
[www.tiess.online/revolution/fonts/revicons/revicons90c6.svg]
[www.tiess.online/revolution/css/openhand.html]
[www.tiess.online/revolution/css/closedhand.html]
[www.tiess.online/POST.html]
[www.tiess.online/fonts/fa-brands-400.svg]
[www.tiess.online/fonts/fa-regular-400.svg]
[www.tiess.online/fonts/fa-solid-900.svg]
[www.tiess.online/fonts/Flaticon.svg]
[www.tiess.online/fonts/ElegantIcons.svg]
[www.tiess.online/css/owl.video.play.html]
[expert-themes.com/wp-includes/css/dist/block-library/style.mind03b.css]
[expert-themes.com/wp-includes/css/dist/block-library/theme.mind03b.css]
[expert-themes.com/wp-content/plugins/contact-form-7/assets/ajax-loader.gif]
[expert-themes.com/wp-content/plugins/contact-form-7/includes/css/stylesbb49.css]
[expert-themes.com/wp-content/plugins/revslider/public/assets/assets/gridtile.png]
[expert-themes.com/wp-content/plugins/revslider/public/assets/assets/gridtile_white.png]
[expert-themes.com/wp-content/plugins/revslider/public/assets/assets/gridtile_3x3.png]
[expert-themes.com/wp-content/plugins/revslider/public/assets/assets/gridtile_3x3_white.png]
[expert-themes.com/wp-content/plugins/revslider/public/assets/assets/coloredbg.png]
[expert-themes.com/wp-content/plugins/revslider/public/assets/assets/loader.gif]
[expert-themes.com/wp-content/plugins/revslider/public/assets/css/rs6658f.css]
[expert-themes.com/wp-content/themes/contra/css/bootstrapd03b.css]
[expert-themes.com/wp-content/themes/contra/css/flaticond03b.css]
[expert-themes.com/wp-content/themes/contra/css/font-awesomed03b.css]
[expert-themes.com/wp-content/themes/contra/css/animated03b.css]
[expert-themes.com/wp-content/themes/contra/css/jquery.mCustomScrollbar.mind03b.css]
[expert-themes.com/wp-content/themes/contra/css/owld03b.css]
[expert-themes.com/wp-content/themes/contra/css/jquery.bootstrap-touchspind03b.css]
[expert-themes.com/wp-content/themes/contra/css/jquery.fancybox.mind03b.css]
[expert-themes.com/wp-content/themes/contra/images/icons/preloader.gif]
[expert-themes.com/wp-content/themes/contra/images/icons/icon-dots-dark.jpg]
[expert-themes.com/wp-content/themes/contra/images/icons/shap-1.png]
[expert-themes.com/wp-content/themes/contra/images/icons/shape-2.png]
[expert-themes.com/wp-content/themes/contra/images/icons/help-bg.jpg]
[expert-themes.com/wp-content/themes/contra/images/icons/icon-lines.jpg]
[expert-themes.com/wp-content/themes/contra/images/icons/icon-dot.png]
[expert-themes.com/wp-content/themes/contra/images/icons/icon-flower.png]
[expert-themes.com/wp-content/themes/contra/images/icons/icon-lines-dark.jpg]
[expert-themes.com/wp-content/themes/contra/images/icons/icon-dots.png]
[expert-themes.com/wp-content/themes/contra/images/icons/pentagon.png]
[expert-themes.com/wp-content/themes/contra/images/icons/icon-select.png]
[expert-themes.com/wp-content/themes/contra/images/background/3.jpg]
[expert-themes.com/wp-content/themes/contra/images/icons/pattern-3.jpg]
[expert-themes.com/wp-content/themes/contra/styled03b.css]
[expert-themes.com/wp-content/themes/contra/css/customd03b.css]
[expert-themes.com/wp-content/themes/contra/css/tutd03b.css]
[expert-themes.com/wp-content/themes/contra/css/gutenbergd03b.css]
[expert-themes.com/wp-content/themes/contra/css/responsived03b.css]
[expert-themes.com/wp-content/themes/contra/css/color-themes/default-themed03b.css]
[expert-themes.com/wp-content/themes/contra/images/icons/tick.png]
[expert-themes.com/wp-content/themes/contra/css/color-switcher-designd03b.css]
[expert-themes.com/wp-content/plugins/kingcomposer/assets/frontend/images/loader.png]
[expert-themes.com/wp-content/plugins/kingcomposer/assets/frontend/images/loading.gif]
[expert-themes.com/wp-content/plugins/kingcomposer/assets/frontend/images/fb_loading.gif]
[expert-themes.com/wp-content/plugins/kingcomposer/assets/frontend/images/icon-remove.png]
[expert-themes.com/wp-content/plugins/kingcomposer/assets/frontend/css/kingcomposer.min76ed.css]
[expert-themes.com/wp-content/plugins/kingcomposer/assets/css/animate76ed.css]
[expert-themes.com/wp-content/themes/contra/css/flaticon76ed.css]
[expert-themes.com/wp-content/plugins/kingcomposer/assets/css/fonts/Simple-Line-Icons4c82.eot]
[expert-themes.com/wp-content/plugins/kingcomposer/assets/css/fonts/Simple-Line-Iconsd41d.eot]
[expert-themes.com/wp-content/plugins/kingcomposer/assets/css/fonts/Simple-Line-Icons.ttf]
[expert-themes.com/wp-content/plugins/kingcomposer/assets/css/fonts/Simple-Line-Icons.woff]
[expert-themes.com/wp-content/plugins/kingcomposer/assets/css/fonts/et-line.eot]
[expert-themes.com/wp-content/plugins/kingcomposer/assets/css/fonts/et-lined41d.eot]
[expert-themes.com/wp-content/plugins/kingcomposer/assets/css/fonts/et-line.woff]
[expert-themes.com/wp-content/plugins/kingcomposer/assets/css/fonts/et-line.ttf]
[expert-themes.com/wp-content/plugins/kingcomposer/assets/css/fonts/fa-solid-900.eot]
[expert-themes.com/wp-content/plugins/kingcomposer/assets/css/fonts/fa-solid-900d41d.eot]
[expert-themes.com/wp-content/plugins/kingcomposer/assets/css/fonts/fa-solid-900.woff2]
[expert-themes.com/wp-content/plugins/kingcomposer/assets/css/fonts/fa-solid-900.woff]
[expert-themes.com/wp-content/plugins/kingcomposer/assets/css/fonts/fa-solid-900.ttf]
[expert-themes.com/wp-content/plugins/kingcomposer/assets/css/fonts/fa-brands-400.eot]
[expert-themes.com/wp-content/plugins/kingcomposer/assets/css/fonts/fa-brands-400d41d.eot]
[expert-themes.com/wp-content/plugins/kingcomposer/assets/css/fonts/fa-brands-400.woff2]
[expert-themes.com/wp-content/plugins/kingcomposer/assets/css/fonts/fa-brands-400.woff]
[expert-themes.com/wp-content/plugins/kingcomposer/assets/css/fonts/fa-brands-400.ttf]
[expert-themes.com/wp-content/plugins/kingcomposer/assets/css/icons76ed.css]
[www.tiess.online/images/icons/support@expert-themes.html]
[www.tiess.online/css/support@expert-themes.html]
[expert-themes.com/wp-content/plugins/revslider/public/assets/css/openhand.html]
[expert-themes.com/wp-content/plugins/revslider/public/assets/css/closedhand.html]
[expert-themes.com/wp-content/themes/contra/css/mCSB_buttons.html]
[expert-themes.com/wp-content/themes/contra/css/owl.video.play.html]
[expert-themes.com/wp-content/plugins/kingcomposer/assets/css/fonts/Simple-Line-Iconsd41d.svg]
[expert-themes.com/wp-content/plugins/kingcomposer/assets/css/fonts/et-line.svg]
[expert-themes.com/wp-content/plugins/kingcomposer/assets/css/fonts/fa-solid-900.svg]
[expert-themes.com/wp-content/plugins/kingcomposer/assets/css/fonts/fa-brands-400.svg]
